Archive member included to satisfy reference by file (symbol)

C:/ST/STM32CubeCLT_1.16.0/GNU-tools-for-STM32/bin/../lib/gcc/arm-none-eabi/12.3.1/../../../../arm-none-eabi/lib/thumb/v7e-m+dp/hard\libc.a(libc_a-exit.o)
                              C:/ST/STM32CubeCLT_1.16.0/GNU-tools-for-STM32/bin/../lib/gcc/arm-none-eabi/12.3.1/../../../../arm-none-eabi/lib/thumb/v7e-m+dp/hard/crt0.o (exit)
C:/ST/STM32CubeCLT_1.16.0/GNU-tools-for-STM32/bin/../lib/gcc/arm-none-eabi/12.3.1/../../../../arm-none-eabi/lib/thumb/v7e-m+dp/hard\libc.a(libc_a-findfp.o)
                              C:/ST/STM32CubeCLT_1.16.0/GNU-tools-for-STM32/bin/../lib/gcc/arm-none-eabi/12.3.1/../../../../arm-none-eabi/lib/thumb/v7e-m+dp/hard\libc.a(libc_a-exit.o) (__stdio_exit_handler)
C:/ST/STM32CubeCLT_1.16.0/GNU-tools-for-STM32/bin/../lib/gcc/arm-none-eabi/12.3.1/../../../../arm-none-eabi/lib/thumb/v7e-m+dp/hard\libc.a(libc_a-fwalk.o)
                              C:/ST/STM32CubeCLT_1.16.0/GNU-tools-for-STM32/bin/../lib/gcc/arm-none-eabi/12.3.1/../../../../arm-none-eabi/lib/thumb/v7e-m+dp/hard\libc.a(libc_a-findfp.o) (_fwalk_sglue)
C:/ST/STM32CubeCLT_1.16.0/GNU-tools-for-STM32/bin/../lib/gcc/arm-none-eabi/12.3.1/../../../../arm-none-eabi/lib/thumb/v7e-m+dp/hard\libc.a(libc_a-stdio.o)
                              C:/ST/STM32CubeCLT_1.16.0/GNU-tools-for-STM32/bin/../lib/gcc/arm-none-eabi/12.3.1/../../../../arm-none-eabi/lib/thumb/v7e-m+dp/hard\libc.a(libc_a-findfp.o) (__sread)
C:/ST/STM32CubeCLT_1.16.0/GNU-tools-for-STM32/bin/../lib/gcc/arm-none-eabi/12.3.1/../../../../arm-none-eabi/lib/thumb/v7e-m+dp/hard\libc.a(libc_a-memset.o)
                              C:/ST/STM32CubeCLT_1.16.0/GNU-tools-for-STM32/bin/../lib/gcc/arm-none-eabi/12.3.1/../../../../arm-none-eabi/lib/thumb/v7e-m+dp/hard/crt0.o (memset)
C:/ST/STM32CubeCLT_1.16.0/GNU-tools-for-STM32/bin/../lib/gcc/arm-none-eabi/12.3.1/../../../../arm-none-eabi/lib/thumb/v7e-m+dp/hard\libc.a(libc_a-closer.o)
                              C:/ST/STM32CubeCLT_1.16.0/GNU-tools-for-STM32/bin/../lib/gcc/arm-none-eabi/12.3.1/../../../../arm-none-eabi/lib/thumb/v7e-m+dp/hard\libc.a(libc_a-stdio.o) (_close_r)
C:/ST/STM32CubeCLT_1.16.0/GNU-tools-for-STM32/bin/../lib/gcc/arm-none-eabi/12.3.1/../../../../arm-none-eabi/lib/thumb/v7e-m+dp/hard\libc.a(libc_a-reent.o)
                              C:/ST/STM32CubeCLT_1.16.0/GNU-tools-for-STM32/bin/../lib/gcc/arm-none-eabi/12.3.1/../../../../arm-none-eabi/lib/thumb/v7e-m+dp/hard\libc.a(libc_a-closer.o) (errno)
C:/ST/STM32CubeCLT_1.16.0/GNU-tools-for-STM32/bin/../lib/gcc/arm-none-eabi/12.3.1/../../../../arm-none-eabi/lib/thumb/v7e-m+dp/hard\libc.a(libc_a-impure.o)
                              C:/ST/STM32CubeCLT_1.16.0/GNU-tools-for-STM32/bin/../lib/gcc/arm-none-eabi/12.3.1/../../../../arm-none-eabi/lib/thumb/v7e-m+dp/hard\libc.a(libc_a-reent.o) (_impure_ptr)
C:/ST/STM32CubeCLT_1.16.0/GNU-tools-for-STM32/bin/../lib/gcc/arm-none-eabi/12.3.1/../../../../arm-none-eabi/lib/thumb/v7e-m+dp/hard\libc.a(libc_a-lseekr.o)
                              C:/ST/STM32CubeCLT_1.16.0/GNU-tools-for-STM32/bin/../lib/gcc/arm-none-eabi/12.3.1/../../../../arm-none-eabi/lib/thumb/v7e-m+dp/hard\libc.a(libc_a-stdio.o) (_lseek_r)
C:/ST/STM32CubeCLT_1.16.0/GNU-tools-for-STM32/bin/../lib/gcc/arm-none-eabi/12.3.1/../../../../arm-none-eabi/lib/thumb/v7e-m+dp/hard\libc.a(libc_a-readr.o)
                              C:/ST/STM32CubeCLT_1.16.0/GNU-tools-for-STM32/bin/../lib/gcc/arm-none-eabi/12.3.1/../../../../arm-none-eabi/lib/thumb/v7e-m+dp/hard\libc.a(libc_a-stdio.o) (_read_r)
C:/ST/STM32CubeCLT_1.16.0/GNU-tools-for-STM32/bin/../lib/gcc/arm-none-eabi/12.3.1/../../../../arm-none-eabi/lib/thumb/v7e-m+dp/hard\libc.a(libc_a-writer.o)
                              C:/ST/STM32CubeCLT_1.16.0/GNU-tools-for-STM32/bin/../lib/gcc/arm-none-eabi/12.3.1/../../../../arm-none-eabi/lib/thumb/v7e-m+dp/hard\libc.a(libc_a-stdio.o) (_write_r)
C:/ST/STM32CubeCLT_1.16.0/GNU-tools-for-STM32/bin/../lib/gcc/arm-none-eabi/12.3.1/../../../../arm-none-eabi/lib/thumb/v7e-m+dp/hard\libc.a(libc_a-init.o)
                              C:/ST/STM32CubeCLT_1.16.0/GNU-tools-for-STM32/bin/../lib/gcc/arm-none-eabi/12.3.1/../../../../arm-none-eabi/lib/thumb/v7e-m+dp/hard/crt0.o (__libc_init_array)
C:/ST/STM32CubeCLT_1.16.0/GNU-tools-for-STM32/bin/../lib/gcc/arm-none-eabi/12.3.1/../../../../arm-none-eabi/lib/thumb/v7e-m+dp/hard\libc.a(libc_a-lock.o)
                              C:/ST/STM32CubeCLT_1.16.0/GNU-tools-for-STM32/bin/../lib/gcc/arm-none-eabi/12.3.1/../../../../arm-none-eabi/lib/thumb/v7e-m+dp/hard\libc.a(libc_a-findfp.o) (__retarget_lock_init_recursive)
C:/ST/STM32CubeCLT_1.16.0/GNU-tools-for-STM32/bin/../lib/gcc/arm-none-eabi/12.3.1/../../../../arm-none-eabi/lib/thumb/v7e-m+dp/hard\libc.a(libc_a-__call_atexit.o)
                              C:/ST/STM32CubeCLT_1.16.0/GNU-tools-for-STM32/bin/../lib/gcc/arm-none-eabi/12.3.1/../../../../arm-none-eabi/lib/thumb/v7e-m+dp/hard\libc.a(libc_a-exit.o) (__call_exitprocs)
[...]
Memory Configuration

Name             Origin             Length             Attributes
RAM              0x24000000         0x00050000         xrw
FLASH            0x08000000         0x00100000         xr
*default*        0x00000000         0xffffffff

Linker script and memory map

LOAD C:/ST/STM32CubeCLT_1.16.0/GNU-tools-for-STM32/bin/../lib/gcc/arm-none-eabi/12.3.1/thumb/v7e-m+dp/hard/crti.o
LOAD C:/ST/STM32CubeCLT_1.16.0/GNU-tools-for-STM32/bin/../lib/gcc/arm-none-eabi/12.3.1/thumb/v7e-m+dp/hard/crtbegin.o
LOAD C:/ST/STM32CubeCLT_1.16.0/GNU-tools-for-STM32/bin/../lib/gcc/arm-none-eabi/12.3.1/../../../../arm-none-eabi/lib/thumb/v7e-m+dp/hard/crt0.o
START GROUP
LOAD C:/ST/STM32CubeCLT_1.16.0/GNU-tools-for-STM32/bin/../lib/gcc/arm-none-eabi/12.3.1/../../../../arm-none-eabi/lib/thumb/v7e-m+dp/hard\libc.a
LOAD C:/ST/STM32CubeCLT_1.16.0/GNU-tools-for-STM32/bin/../lib/gcc/arm-none-eabi/12.3.1/../../../../arm-none-eabi/lib/thumb/v7e-m+dp/hard\libm.a
LOAD C:/ST/STM32CubeCLT_1.16.0/GNU-tools-for-STM32/bin/../lib/gcc/arm-none-eabi/12.3.1/../../../../arm-none-eabi/lib/thumb/v7e-m+dp/hard\libstdc++.a
LOAD C:/ST/STM32CubeCLT_1.16.0/GNU-tools-for-STM32/bin/../lib/gcc/arm-none-eabi/12.3.1/../../../../arm-none-eabi/lib/thumb/v7e-m+dp/hard\libsupc++.a
END GROUP
LOAD CMakeFiles/Template_STM32_CMake_Project.dir/Src/main.c.obj
LOAD CMakeFiles/Template_STM32_CMake_Project.dir/Src/syscall.c.obj
LOAD CMakeFiles/Template_STM32_CMake_Project.dir/Src/sysmem.c.obj
LOAD CMakeFiles/Template_STM32_CMake_Project.dir/Startup/startup_stm32h723zgtx.s.obj
START GROUP
LOAD C:/ST/STM32CubeCLT_1.16.0/GNU-tools-for-STM32/bin/../lib/gcc/arm-none-eabi/12.3.1/thumb/v7e-m+dp/hard\libgcc.a
LOAD C:/ST/STM32CubeCLT_1.16.0/GNU-tools-for-STM32/bin/../lib/gcc/arm-none-eabi/12.3.1/../../../../arm-none-eabi/lib/thumb/v7e-m+dp/hard\libg.a
LOAD C:/ST/STM32CubeCLT_1.16.0/GNU-tools-for-STM32/bin/../lib/gcc/arm-none-eabi/12.3.1/../../../../arm-none-eabi/lib/thumb/v7e-m+dp/hard\libc.a
END GROUP
START GROUP
LOAD C:/ST/STM32CubeCLT_1.16.0/GNU-tools-for-STM32/bin/../lib/gcc/arm-none-eabi/12.3.1/thumb/v7e-m+dp/hard\libgcc.a
LOAD C:/ST/STM32CubeCLT_1.16.0/GNU-tools-for-STM32/bin/../lib/gcc/arm-none-eabi/12.3.1/../../../../arm-none-eabi/lib/thumb/v7e-m+dp/hard\libc.a
LOAD C:/ST/STM32CubeCLT_1.16.0/GNU-tools-for-STM32/bin/../lib/gcc/arm-none-eabi/12.3.1/../../../../arm-none-eabi/lib/thumb/v7e-m+dp/hard\libnosys.a
END GROUP
LOAD C:/ST/STM32CubeCLT_1.16.0/GNU-tools-for-STM32/bin/../lib/gcc/arm-none-eabi/12.3.1/thumb/v7e-m+dp/hard/crtend.o
LOAD C:/ST/STM32CubeCLT_1.16.0/GNU-tools-for-STM32/bin/../lib/gcc/arm-none-eabi/12.3.1/thumb/v7e-m+dp/hard/crtn.o
                0x24050000                        _estack = (ORIGIN (RAM) + LENGTH (RAM))
                0x00000200                        _Min_Heap_Size = 0x200
                0x00000400                        _Min_Stack_Size = 0x400

.isr_vector     0x08000000      0x2cc
                0x08000000                        . = ALIGN (0x4)
 *(.isr_vector)
 .isr_vector    0x08000000      0x2cc CMakeFiles/Template_STM32_CMake_Project.dir/Startup/startup_stm32h723zgtx.s.obj
                0x08000000                g_pfnVectors
                0x080002cc                        . = ALIGN (0x4)

.text           0x080002cc      0x1cc
                0x080002cc                        . = ALIGN (0x4)
 *(.text)
 .text          0x080002cc       0x40 C:/ST/STM32CubeCLT_1.16.0/GNU-tools-for-STM32/bin/../lib/gcc/arm-none-eabi/12.3.1/thumb/v7e-m+dp/hard/crtbegin.o
 *(.text*)
 .text.__libc_init_array
                0x0800030c       0x48 C:/ST/STM32CubeCLT_1.16.0/GNU-tools-for-STM32/bin/../lib/gcc/arm-none-eabi/12.3.1/../../../../arm-none-eabi/lib/thumb/v7e-m+dp/hard\libc.a(libc_a-init.o)
                0x0800030c                __libc_init_array
 .text.__retarget_lock_acquire_recursive
                0x08000354        0x2 C:/ST/STM32CubeCLT_1.16.0/GNU-tools-for-STM32/bin/../lib/gcc/arm-none-eabi/12.3.1/../../../../arm-none-eabi/lib/thumb/v7e-m+dp/hard\libc.a(libc_a-lock.o)
                0x08000354                __retarget_lock_acquire_recursive
 .text.__retarget_lock_release_recursive
                0x08000356        0x2 C:/ST/STM32CubeCLT_1.16.0/GNU-tools-for-STM32/bin/../lib/gcc/arm-none-eabi/12.3.1/../../../../arm-none-eabi/lib/thumb/v7e-m+dp/hard\libc.a(libc_a-lock.o)
                0x08000356                __retarget_lock_release_recursive
 .text.startup.register_fini
                0x08000358       0x14 C:/ST/STM32CubeCLT_1.16.0/GNU-tools-for-STM32/bin/../lib/gcc/arm-none-eabi/12.3.1/../../../../arm-none-eabi/lib/thumb/v7e-m+dp/hard\libc.a(libc_a-__call_atexit.o)
 .text.atexit   0x0800036c        0xc C:/ST/STM32CubeCLT_1.16.0/GNU-tools-for-STM32/bin/../lib/gcc/arm-none-eabi/12.3.1/../../../../arm-none-eabi/lib/thumb/v7e-m+dp/hard\libc.a(libc_a-atexit.o)
                0x0800036c                atexit
 .text.__libc_fini_array
                0x08000378       0x28 C:/ST/STM32CubeCLT_1.16.0/GNU-tools-for-STM32/bin/../lib/gcc/arm-none-eabi/12.3.1/../../../../arm-none-eabi/lib/thumb/v7e-m+dp/hard\libc.a(libc_a-fini.o)
                0x08000378                __libc_fini_array
 .text.__register_exitproc
                0x080003a0       0x80 C:/ST/STM32CubeCLT_1.16.0/GNU-tools-for-STM32/bin/../lib/gcc/arm-none-eabi/12.3.1/../../../../arm-none-eabi/lib/thumb/v7e-m+dp/hard\libc.a(libc_a-__atexit.o)
                0x080003a0                __register_exitproc
 .text.main     0x08000420        0xc CMakeFiles/Template_STM32_CMake_Project.dir/Src/main.c.obj
                0x08000420                main
 .text.Reset_Handler
                0x0800042c       0x50 CMakeFiles/Template_STM32_CMake_Project.dir/Startup/startup_stm32h723zgtx.s.obj
                0x0800042c                Reset_Handler
 .text.Default_Handler
                0x0800047c        0x2 CMakeFiles/Template_STM32_CMake_Project.dir/Startup/startup_stm32h723zgtx.s.obj
                0x0800047c                HASH_RNG_IRQHandler
                0x0800047c                EXTI2_IRQHandler
                0x0800047c                TIM8_CC_IRQHandler
                0x0800047c                TEMP_IT_IRQHandler
                0x0800047c                DMA_STR2_IRQHandler
                0x0800047c                UART8_IRQHandler
                0x0800047c                SPI4_IRQHandler
                0x0800047c                FDCAN3_IT0_IRQHandler
                0x0800047c                HardFault_Handler
                0x0800047c                DMA_STR5_IRQHandler
                0x0800047c                SysTick_Handler
                0x0800047c                DMA2_STR1_IRQHandler
                0x0800047c                DMA2_STR5_IRQHandler
                0x0800047c                PendSV_Handler
                0x0800047c                NMI_Handler
                0x0800047c                EXTI3_IRQHandler
                0x0800047c                LPTIM4_IRQHandler
                0x0800047c                TIM8_TRG_COM_TIM14_IRQHandler
                0x0800047c                LPTIM2_IRQHandler
                0x0800047c                DFSDM1_FLT1_IRQHandler
                0x0800047c                DMAMUX2_OVR_IRQHandler
                0x0800047c                TIM8_UP_TIM13_IRQHandler
                0x0800047c                I2C3_ER_IRQHandler
                0x0800047c                DFSDM1_FLT2_IRQHandler
                0x0800047c                I2C5_EV_IRQHandler
                0x0800047c                USART10_IRQHandler
                0x0800047c                MDMA_IRQHandler
                0x0800047c                LPTIM3_IRQHandler
                0x0800047c                EXTI0_IRQHandler
                0x0800047c                I2C2_EV_IRQHandler
                0x0800047c                FPU_IRQHandler
                0x0800047c                DMA_STR1_IRQHandler
                0x0800047c                OTG_HS_WKUP_IRQHandler
                0x0800047c                FDCAN1_IT1_IRQHandler
                0x0800047c                UsageFault_Handler
                0x0800047c                LTDC_ER_IRQHandler
                0x0800047c                ADC1_2_IRQHandler
                0x0800047c                SPI1_IRQHandler
                0x0800047c                OCTOSPI1_IRQHandler
                0x0800047c                BDMA_CH2_IRQHandler
                0x0800047c                TIM6_DAC_IRQHandler
                0x0800047c                DCMI_IRQHandler
                0x0800047c                RTC_ALARM_IRQHandler
                0x0800047c                DMA_STR0_IRQHandler
                0x0800047c                CORDIC_IT_IRQHandler
                0x0800047c                OCTOSPI2_IRQHandler
                0x0800047c                DMA2_STR3_IRQHandler
                0x0800047c                DFSDM1_FLT3_IRQHandler
                0x0800047c                TIM23_IRQHandler
                0x0800047c                USART6_IRQHandler
                0x0800047c                BDMA_CH5_IRQHandler
                0x0800047c                TIM17_IRQHandler
                0x0800047c                BDMA_CH6_IRQHandler
                0x0800047c                USART3_IRQHandler
                0x0800047c                WKUP_IRQHandler
                0x0800047c                BDMA_CH3_IRQHandler
                0x0800047c                LPTIM5_IRQHandler
                0x0800047c                LPUART_IRQHandler
                0x0800047c                UART5_IRQHandler
                0x0800047c                ADC3_IRQHandler
                0x0800047c                DMA_STR6_IRQHandler
                0x0800047c                TIM4_IRQHandler
                0x0800047c                I2C1_EV_IRQHandler
                0x0800047c                DMA1_STR7_IRQHandler
                0x0800047c                TIM16_IRQHandler
                0x0800047c                UART4_IRQHandler
                0x0800047c                TIM3_IRQHandler
                0x0800047c                RCC_IRQHandler
                0x0800047c                UART9_IRQHandler
                0x0800047c                TIM8_BRK_TIM12_IRQHandler
                0x0800047c                TIM1_TRG_COM_IRQHandler
                0x0800047c                Default_Handler
                0x0800047c                FMAC_IRQHandler
                0x0800047c                CEC_IRQHandler
                0x0800047c                EXTI15_10_IRQHandler
                0x0800047c                BDMA_CH4_IRQHandler
                0x0800047c                I2C5_ER_IRQHandler
                0x0800047c                DMA_STR3_IRQHandler
                0x0800047c                SPI5_IRQHandler
                0x0800047c                TIM7_IRQHandler
                0x0800047c                FDCAN3_IT1_IRQHandler
                0x0800047c                SDMMC1_IRQHandler
                0x0800047c                TIM5_IRQHandler
                0x0800047c                SPDIF_IRQHandler
                0x0800047c                TIM15_IRQHandler
                0x0800047c                I2C3_EV_IRQHandler
                0x0800047c                EXTI9_5_IRQHandler
                0x0800047c                DMA2_STR4_IRQHandler
                0x0800047c                RTC_WKUP_IRQHandler
                0x0800047c                DMA2_STR6_IRQHandler
                0x0800047c                LTDC_IRQHandler
                0x0800047c                ETH_WKUP_IRQHandler
                0x0800047c                PVD_PVM_IRQHandler
                0x0800047c                BDMA_CH0_IRQHandler
                0x0800047c                SPI2_IRQHandler
                0x0800047c                OTG_HS_EP1_IN_IRQHandler
                0x0800047c                MemManage_Handler
                0x0800047c                DMA2_STR0_IRQHandler
                0x0800047c                TIM24_IRQHandler
                0x0800047c                SVC_Handler
                0x0800047c                CRS_IRQHandler
                0x0800047c                EXTI4_IRQHandler
                0x0800047c                DMAMUX1_OV_IRQHandler
                0x0800047c                FDCAN2_IT1_IRQHandler
                0x0800047c                DMA_STR4_IRQHandler
                0x0800047c                COMP_IRQHandler
                0x0800047c                DMA2_STR2_IRQHandler
                0x0800047c                ETH_IRQHandler
                0x0800047c                TIM1_UP_IRQHandler
                0x0800047c                ECC_DIAG_IT_IRQHandler
                0x0800047c                DMA2_STR7_IRQHandler
                0x0800047c                OTG_HS_EP1_OUT_IRQHandler
                0x0800047c                SPI6_IRQHandler
                0x0800047c                MDIOS_IRQHandler
                0x0800047c                I2C4_EV_IRQHandler
                0x0800047c                FDCAN2_IT0_IRQHandler
                0x0800047c                BDMA_CH7_IRQHandler
                0x0800047c                FDCAN1_IT0_IRQHandler
                0x0800047c                TIM2_IRQHandler
                0x0800047c                HSEM0_IRQHandler
                0x0800047c                OTG_HS_IRQHandler
                0x0800047c                DMA2D_IRQHandler
                0x0800047c                TIM1_BRK_IRQHandler
                0x0800047c                EXTI1_IRQHandler
                0x0800047c                SDMMC2_IRQHandler
                0x0800047c                UART7_IRQHandler
                0x0800047c                MDIOS_WKUP_IRQHandler
                0x0800047c                USART2_IRQHandler
                0x0800047c                DFSDM1_FLT0_IRQHandler
                0x0800047c                SAI4_IRQHandler
                0x0800047c                I2C2_ER_IRQHandler
                0x0800047c                FLASH_IRQHandler
                0x0800047c                WWDG1_IRQHandler
                0x0800047c                BusFault_Handler
                0x0800047c                USART1_IRQHandler
                0x0800047c                SPI3_IRQHandler
                0x0800047c                I2C1_ER_IRQHandler
                0x0800047c                FMC_IRQHandler
                0x0800047c                BDMA_CH1_IRQHandler
                0x0800047c                FDCAN_CAL_IRQHandler
                0x0800047c                SWPMI1_IRQHandler
                0x0800047c                LPTIM1_IRQHandler
                0x0800047c                TIM_CC_IRQHandler
                0x0800047c                I2C4_ER_IRQHandler
                0x0800047c                SAI1_IRQHandler
                0x0800047c                RTC_TAMP_STAMP_CSS_LSE_IRQHandler
 *(.glue_7)
 .glue_7        0x0800047e        0x0 linker stubs
 *(.glue_7t)
 .glue_7t       0x0800047e        0x0 linker stubs
 *(.eh_frame)
 *fill*         0x0800047e        0x2 
 .eh_frame      0x08000480        0x0 C:/ST/STM32CubeCLT_1.16.0/GNU-tools-for-STM32/bin/../lib/gcc/arm-none-eabi/12.3.1/thumb/v7e-m+dp/hard/crtbegin.o
 *(.init)
 .init          0x08000480        0x4 C:/ST/STM32CubeCLT_1.16.0/GNU-tools-for-STM32/bin/../lib/gcc/arm-none-eabi/12.3.1/thumb/v7e-m+dp/hard/crti.o
                0x08000480                _init
 .init          0x08000484        0x8 C:/ST/STM32CubeCLT_1.16.0/GNU-tools-for-STM32/bin/../lib/gcc/arm-none-eabi/12.3.1/thumb/v7e-m+dp/hard/crtn.o
 *(.fini)
 .fini          0x0800048c        0x4 C:/ST/STM32CubeCLT_1.16.0/GNU-tools-for-STM32/bin/../lib/gcc/arm-none-eabi/12.3.1/thumb/v7e-m+dp/hard/crti.o
                0x0800048c                _fini
 .fini          0x08000490        0x8 C:/ST/STM32CubeCLT_1.16.0/GNU-tools-for-STM32/bin/../lib/gcc/arm-none-eabi/12.3.1/thumb/v7e-m+dp/hard/crtn.o
                0x08000498                        . = ALIGN (0x4)
                0x08000498                        _etext = .

.vfp11_veneer   0x08000498        0x0
 .vfp11_veneer  0x08000498        0x0 linker stubs

.v4_bx          0x08000498        0x0
 .v4_bx         0x08000498        0x0 linker stubs

.iplt           0x08000498        0x0
 .iplt          0x08000498        0x0 C:/ST/STM32CubeCLT_1.16.0/GNU-tools-for-STM32/bin/../lib/gcc/arm-none-eabi/12.3.1/thumb/v7e-m+dp/hard/crtbegin.o

.rodata         0x08000498        0x0
                0x08000498                        . = ALIGN (0x4)
 *(.rodata)
 *(.rodata*)
                0x08000498                        . = ALIGN (0x4)

.ARM.extab      0x08000498        0x0
                0x08000498                        . = ALIGN (0x4)
 *(.ARM.extab* .gnu.linkonce.armextab.*)
                0x08000498                        . = ALIGN (0x4)

.ARM            0x08000498        0x0
                0x08000498                        . = ALIGN (0x4)
                0x08000498                        __exidx_start = .
 *(.ARM.exidx*)
                0x08000498                        __exidx_end = .
                0x08000498                        . = ALIGN (0x4)

.preinit_array  0x08000498        0x0
                0x08000498                        . = ALIGN (0x4)
                0x08000498                        PROVIDE (__preinit_array_start = .)
 *(.preinit_array*)
                0x08000498                        PROVIDE (__preinit_array_end = .)
                0x08000498                        . = ALIGN (0x4)

.init_array     0x08000498        0x8
                0x08000498                        . = ALIGN (0x4)
                0x08000498                        PROVIDE (__init_array_start = .)
 *(SORT_BY_NAME(.init_array.*))
 .init_array.00000
                0x08000498        0x4 C:/ST/STM32CubeCLT_1.16.0/GNU-tools-for-STM32/bin/../lib/gcc/arm-none-eabi/12.3.1/../../../../arm-none-eabi/lib/thumb/v7e-m+dp/hard\libc.a(libc_a-__call_atexit.o)
 *(.init_array*)
 .init_array    0x0800049c        0x4 C:/ST/STM32CubeCLT_1.16.0/GNU-tools-for-STM32/bin/../lib/gcc/arm-none-eabi/12.3.1/thumb/v7e-m+dp/hard/crtbegin.o
                0x080004a0                        PROVIDE (__init_array_end = .)
                0x080004a0                        . = ALIGN (0x4)

.fini_array     0x080004a0        0x4
                0x080004a0                        . = ALIGN (0x4)
                0x080004a0                        PROVIDE (__fini_array_start = .)
 *(SORT_BY_NAME(.fini_array.*))
 *(.fini_array*)
 .fini_array    0x080004a0        0x4 C:/ST/STM32CubeCLT_1.16.0/GNU-tools-for-STM32/bin/../lib/gcc/arm-none-eabi/12.3.1/thumb/v7e-m+dp/hard/crtbegin.o
                0x080004a4                        PROVIDE (__fini_array_end = .)
                0x080004a4                        . = ALIGN (0x4)
                0x080004a4                        _sidata = LOADADDR (.data)

.rel.dyn        0x080004a4        0x0
 .rel.iplt      0x080004a4        0x0 C:/ST/STM32CubeCLT_1.16.0/GNU-tools-for-STM32/bin/../lib/gcc/arm-none-eabi/12.3.1/thumb/v7e-m+dp/hard/crtbegin.o

.data           0x24000000        0x4 load address 0x080004a4
                0x24000000                        . = ALIGN (0x4)
                0x24000000                        _sdata = .
 *(.data)
 *(.data*)
 .data.__atexit_recursive_mutex
                0x24000000        0x4 C:/ST/STM32CubeCLT_1.16.0/GNU-tools-for-STM32/bin/../lib/gcc/arm-none-eabi/12.3.1/../../../../arm-none-eabi/lib/thumb/v7e-m+dp/hard\libc.a(libc_a-__call_atexit.o)
                0x24000000                __atexit_recursive_mutex
 *(.RamFunc)
 *(.RamFunc*)
                0x24000004                        . = ALIGN (0x4)
                0x24000004                        _edata = .

.igot.plt       0x24000004        0x0 load address 0x080004a8
 .igot.plt      0x24000004        0x0 C:/ST/STM32CubeCLT_1.16.0/GNU-tools-for-STM32/bin/../lib/gcc/arm-none-eabi/12.3.1/thumb/v7e-m+dp/hard/crtbegin.o
                0x24000004                        . = ALIGN (0x4)

.bss            0x24000004      0x1b4 load address 0x080004a8
                0x24000004                        _sbss = .
                0x24000004                        __bss_start__ = _sbss
 *(.bss)
 .bss           0x24000004       0x1c C:/ST/STM32CubeCLT_1.16.0/GNU-tools-for-STM32/bin/../lib/gcc/arm-none-eabi/12.3.1/thumb/v7e-m+dp/hard/crtbegin.o
 *(.bss*)
 .bss.__lock___atexit_recursive_mutex
                0x24000020        0x1 C:/ST/STM32CubeCLT_1.16.0/GNU-tools-for-STM32/bin/../lib/gcc/arm-none-eabi/12.3.1/../../../../arm-none-eabi/lib/thumb/v7e-m+dp/hard\libc.a(libc_a-lock.o)
                0x24000020                __lock___atexit_recursive_mutex
 *fill*         0x24000021        0x3 
 .bss.__atexit  0x24000024        0x4 C:/ST/STM32CubeCLT_1.16.0/GNU-tools-for-STM32/bin/../lib/gcc/arm-none-eabi/12.3.1/../../../../arm-none-eabi/lib/thumb/v7e-m+dp/hard\libc.a(libc_a-__call_atexit.o)
                0x24000024                __atexit
 .bss.__atexit0
                0x24000028      0x190 C:/ST/STM32CubeCLT_1.16.0/GNU-tools-for-STM32/bin/../lib/gcc/arm-none-eabi/12.3.1/../../../../arm-none-eabi/lib/thumb/v7e-m+dp/hard\libc.a(libc_a-__atexit.o)
                0x24000028                __atexit0
 *(COMMON)
                0x240001b8                        . = ALIGN (0x4)
                0x240001b8                        _ebss = .
                0x240001b8                        __bss_end__ = _ebss

._user_heap_stack
                0x240001b8      0x600 load address 0x080004a8
                0x240001b8                        . = ALIGN (0x8)
                [!provide]                        PROVIDE (end = .)
                0x240001b8                        PROVIDE (_end = .)
                0x240003b8                        . = (. + _Min_Heap_Size)
 *fill*         0x240001b8      0x200 
                0x240007b8                        . = (. + _Min_Stack_Size)
 *fill*         0x240003b8      0x400 
                0x240007b8                        . = ALIGN (0x8)

/DISCARD/
 libc.a(*)
 libm.a(*)
 libgcc.a(*)

.ARM.attributes
                0x00000000       0x2e
 *(.ARM.attributes)
 .ARM.attributes
                0x00000000       0x20 C:/ST/STM32CubeCLT_1.16.0/GNU-tools-for-STM32/bin/../lib/gcc/arm-none-eabi/12.3.1/thumb/v7e-m+dp/hard/crti.o
 .ARM.attributes
                0x00000020       0x32 C:/ST/STM32CubeCLT_1.16.0/GNU-tools-for-STM32/bin/../lib/gcc/arm-none-eabi/12.3.1/thumb/v7e-m+dp/hard/crtbegin.o
 .ARM.attributes
                0x00000052       0x32 C:/ST/STM32CubeCLT_1.16.0/GNU-tools-for-STM32/bin/../lib/gcc/arm-none-eabi/12.3.1/../../../../arm-none-eabi/lib/thumb/v7e-m+dp/hard\libc.a(libc_a-init.o)
 .ARM.attributes
                0x00000084       0x32 C:/ST/STM32CubeCLT_1.16.0/GNU-tools-for-STM32/bin/../lib/gcc/arm-none-eabi/12.3.1/../../../../arm-none-eabi/lib/thumb/v7e-m+dp/hard\libc.a(libc_a-lock.o)
 .ARM.attributes
                0x000000b6       0x32 C:/ST/STM32CubeCLT_1.16.0/GNU-tools-for-STM32/bin/../lib/gcc/arm-none-eabi/12.3.1/../../../../arm-none-eabi/lib/thumb/v7e-m+dp/hard\libc.a(libc_a-__call_atexit.o)
 .ARM.attributes
                0x000000e8       0x32 C:/ST/STM32CubeCLT_1.16.0/GNU-tools-for-STM32/bin/../lib/gcc/arm-none-eabi/12.3.1/../../../../arm-none-eabi/lib/thumb/v7e-m+dp/hard\libc.a(libc_a-atexit.o)
 .ARM.attributes
                0x0000011a       0x32 C:/ST/STM32CubeCLT_1.16.0/GNU-tools-for-STM32/bin/../lib/gcc/arm-none-eabi/12.3.1/../../../../arm-none-eabi/lib/thumb/v7e-m+dp/hard\libc.a(libc_a-fini.o)
 .ARM.attributes
                0x0000014c       0x32 C:/ST/STM32CubeCLT_1.16.0/GNU-tools-for-STM32/bin/../lib/gcc/arm-none-eabi/12.3.1/../../../../arm-none-eabi/lib/thumb/v7e-m+dp/hard\libc.a(libc_a-__atexit.o)
 .ARM.attributes
                0x0000017e       0x32 CMakeFiles/Template_STM32_CMake_Project.dir/Src/main.c.obj
 .ARM.attributes
                0x000001b0       0x21 CMakeFiles/Template_STM32_CMake_Project.dir/Startup/startup_stm32h723zgtx.s.obj
 .ARM.attributes
                0x000001d1       0x20 C:/ST/STM32CubeCLT_1.16.0/GNU-tools-for-STM32/bin/../lib/gcc/arm-none-eabi/12.3.1/thumb/v7e-m+dp/hard/crtn.o
OUTPUT(Template_STM32_CMake_Project.elf elf32-littlearm)
LOAD linker stubs
LOAD C:/ST/STM32CubeCLT_1.16.0/GNU-tools-for-STM32/bin/../lib/gcc/arm-none-eabi/12.3.1/../../../../arm-none-eabi/lib/thumb/v7e-m+dp/hard\libc.a
LOAD C:/ST/STM32CubeCLT_1.16.0/GNU-tools-for-STM32/bin/../lib/gcc/arm-none-eabi/12.3.1/../../../../arm-none-eabi/lib/thumb/v7e-m+dp/hard\libm.a
LOAD C:/ST/STM32CubeCLT_1.16.0/GNU-tools-for-STM32/bin/../lib/gcc/arm-none-eabi/12.3.1/thumb/v7e-m+dp/hard\libgcc.a

.debug_frame    0x00000000      0x1e8
 .debug_frame   0x00000000       0x2c C:/ST/STM32CubeCLT_1.16.0/GNU-tools-for-STM32/bin/../lib/gcc/arm-none-eabi/12.3.1/../../../../arm-none-eabi/lib/thumb/v7e-m+dp/hard\libc.a(libc_a-init.o)
 .debug_frame   0x0000002c       0xb0 C:/ST/STM32CubeCLT_1.16.0/GNU-tools-for-STM32/bin/../lib/gcc/arm-none-eabi/12.3.1/../../../../arm-none-eabi/lib/thumb/v7e-m+dp/hard\libc.a(libc_a-lock.o)
 .debug_frame   0x000000dc       0x58 C:/ST/STM32CubeCLT_1.16.0/GNU-tools-for-STM32/bin/../lib/gcc/arm-none-eabi/12.3.1/../../../../arm-none-eabi/lib/thumb/v7e-m+dp/hard\libc.a(libc_a-__call_atexit.o)
 .debug_frame   0x00000134       0x20 C:/ST/STM32CubeCLT_1.16.0/GNU-tools-for-STM32/bin/../lib/gcc/arm-none-eabi/12.3.1/../../../../arm-none-eabi/lib/thumb/v7e-m+dp/hard\libc.a(libc_a-atexit.o)
 .debug_frame   0x00000154       0x38 C:/ST/STM32CubeCLT_1.16.0/GNU-tools-for-STM32/bin/../lib/gcc/arm-none-eabi/12.3.1/../../../../arm-none-eabi/lib/thumb/v7e-m+dp/hard\libc.a(libc_a-fini.o)
 .debug_frame   0x0000018c       0x34 C:/ST/STM32CubeCLT_1.16.0/GNU-tools-for-STM32/bin/../lib/gcc/arm-none-eabi/12.3.1/../../../../arm-none-eabi/lib/thumb/v7e-m+dp/hard\libc.a(libc_a-__atexit.o)
 .debug_frame   0x000001c0       0x28 CMakeFiles/Template_STM32_CMake_Project.dir/Src/main.c.obj

.debug_info     0x00000000      0x110
 .debug_info    0x00000000       0xe0 CMakeFiles/Template_STM32_CMake_Project.dir/Src/main.c.obj
 .debug_info    0x000000e0       0x30 CMakeFiles/Template_STM32_CMake_Project.dir/Startup/startup_stm32h723zgtx.s.obj

.debug_abbrev   0x00000000       0xa8
 .debug_abbrev  0x00000000       0x84 CMakeFiles/Template_STM32_CMake_Project.dir/Src/main.c.obj
 .debug_abbrev  0x00000084       0x24 CMakeFiles/Template_STM32_CMake_Project.dir/Startup/startup_stm32h723zgtx.s.obj

.debug_aranges  0x00000000       0x48
 .debug_aranges
                0x00000000       0x20 CMakeFiles/Template_STM32_CMake_Project.dir/Src/main.c.obj
 .debug_aranges
                0x00000020       0x28 CMakeFiles/Template_STM32_CMake_Project.dir/Startup/startup_stm32h723zgtx.s.obj

.debug_rnglists
                0x00000000       0x2c
 .debug_rnglists
                0x00000000       0x13 CMakeFiles/Template_STM32_CMake_Project.dir/Src/main.c.obj
 .debug_rnglists
                0x00000013       0x19 CMakeFiles/Template_STM32_CMake_Project.dir/Startup/startup_stm32h723zgtx.s.obj

.debug_macro    0x00000000    0x3b3ed
 .debug_macro   0x00000000      0x5d8 CMakeFiles/Template_STM32_CMake_Project.dir/Src/main.c.obj
 .debug_macro   0x000005d8      0xac6 CMakeFiles/Template_STM32_CMake_Project.dir/Src/main.c.obj
 .debug_macro   0x0000109e       0x22 CMakeFiles/Template_STM32_CMake_Project.dir/Src/main.c.obj
 .debug_macro   0x000010c0       0x8e CMakeFiles/Template_STM32_CMake_Project.dir/Src/main.c.obj
 .debug_macro   0x0000114e       0x51 CMakeFiles/Template_STM32_CMake_Project.dir/Src/main.c.obj
 .debug_macro   0x0000119f      0x103 CMakeFiles/Template_STM32_CMake_Project.dir/Src/main.c.obj
 .debug_macro   0x000012a2       0x6a CMakeFiles/Template_STM32_CMake_Project.dir/Src/main.c.obj
 .debug_macro   0x0000130c      0x1df CMakeFiles/Template_STM32_CMake_Project.dir/Src/main.c.obj
 .debug_macro   0x000014eb       0x22 CMakeFiles/Template_STM32_CMake_Project.dir/Src/main.c.obj
 .debug_macro   0x0000150d      0x380 CMakeFiles/Template_STM32_CMake_Project.dir/Src/main.c.obj
 .debug_macro   0x0000188d       0x2e CMakeFiles/Template_STM32_CMake_Project.dir/Src/main.c.obj
 .debug_macro   0x000018bb       0x3b CMakeFiles/Template_STM32_CMake_Project.dir/Src/main.c.obj
 .debug_macro   0x000018f6       0x2e CMakeFiles/Template_STM32_CMake_Project.dir/Src/main.c.obj
 .debug_macro   0x00001924       0x10 CMakeFiles/Template_STM32_CMake_Project.dir/Src/main.c.obj
 .debug_macro   0x00001934       0x34 CMakeFiles/Template_STM32_CMake_Project.dir/Src/main.c.obj
 .debug_macro   0x00001968      0x26d CMakeFiles/Template_STM32_CMake_Project.dir/Src/main.c.obj
 .debug_macro   0x00001bd5       0x28 CMakeFiles/Template_STM32_CMake_Project.dir/Src/main.c.obj
 .debug_macro   0x00001bfd     0x1670 CMakeFiles/Template_STM32_CMake_Project.dir/Src/main.c.obj
 .debug_macro   0x0000326d      0x11f CMakeFiles/Template_STM32_CMake_Project.dir/Src/main.c.obj
 .debug_macro   0x0000338c       0x22 CMakeFiles/Template_STM32_CMake_Project.dir/Src/main.c.obj
 .debug_macro   0x000033ae    0x216c1 CMakeFiles/Template_STM32_CMake_Project.dir/Src/main.c.obj
 .debug_macro   0x00024a6f       0x6d CMakeFiles/Template_STM32_CMake_Project.dir/Src/main.c.obj
 .debug_macro   0x00024adc     0x3d64 CMakeFiles/Template_STM32_CMake_Project.dir/Src/main.c.obj
 .debug_macro   0x00028840      0x189 CMakeFiles/Template_STM32_CMake_Project.dir/Src/main.c.obj
 .debug_macro   0x000289c9       0x74 CMakeFiles/Template_STM32_CMake_Project.dir/Src/main.c.obj
 .debug_macro   0x00028a3d       0x29 CMakeFiles/Template_STM32_CMake_Project.dir/Src/main.c.obj
 .debug_macro   0x00028a66       0x3c CMakeFiles/Template_STM32_CMake_Project.dir/Src/main.c.obj
 .debug_macro   0x00028aa2       0x34 CMakeFiles/Template_STM32_CMake_Project.dir/Src/main.c.obj
 .debug_macro   0x00028ad6       0x16 CMakeFiles/Template_STM32_CMake_Project.dir/Src/main.c.obj
 .debug_macro   0x00028aec       0x43 CMakeFiles/Template_STM32_CMake_Project.dir/Src/main.c.obj
 .debug_macro   0x00028b2f       0x34 CMakeFiles/Template_STM32_CMake_Project.dir/Src/main.c.obj
 .debug_macro   0x00028b63       0x10 CMakeFiles/Template_STM32_CMake_Project.dir/Src/main.c.obj
 .debug_macro   0x00028b73       0x58 CMakeFiles/Template_STM32_CMake_Project.dir/Src/main.c.obj
 .debug_macro   0x00028bcb      0x1de CMakeFiles/Template_STM32_CMake_Project.dir/Src/main.c.obj
 .debug_macro   0x00028da9      0x369 CMakeFiles/Template_STM32_CMake_Project.dir/Src/main.c.obj
 .debug_macro   0x00029112      0x19b CMakeFiles/Template_STM32_CMake_Project.dir/Src/main.c.obj
 .debug_macro   0x000292ad       0x5d CMakeFiles/Template_STM32_CMake_Project.dir/Src/main.c.obj
 .debug_macro   0x0002930a     0x2462 CMakeFiles/Template_STM32_CMake_Project.dir/Src/main.c.obj
 .debug_macro   0x0002b76c     0x1079 CMakeFiles/Template_STM32_CMake_Project.dir/Src/main.c.obj
 .debug_macro   0x0002c7e5      0x154 CMakeFiles/Template_STM32_CMake_Project.dir/Src/main.c.obj
 .debug_macro   0x0002c939      0x114 CMakeFiles/Template_STM32_CMake_Project.dir/Src/main.c.obj
 .debug_macro   0x0002ca4d      0x3fc CMakeFiles/Template_STM32_CMake_Project.dir/Src/main.c.obj
 .debug_macro   0x0002ce49       0xac CMakeFiles/Template_STM32_CMake_Project.dir/Src/main.c.obj
 .debug_macro   0x0002cef5      0x788 CMakeFiles/Template_STM32_CMake_Project.dir/Src/main.c.obj
 .debug_macro   0x0002d67d      0x228 CMakeFiles/Template_STM32_CMake_Project.dir/Src/main.c.obj
 .debug_macro   0x0002d8a5       0x66 CMakeFiles/Template_STM32_CMake_Project.dir/Src/main.c.obj
 .debug_macro   0x0002d90b      0x3a6 CMakeFiles/Template_STM32_CMake_Project.dir/Src/main.c.obj
 .debug_macro   0x0002dcb1      0x22c CMakeFiles/Template_STM32_CMake_Project.dir/Src/main.c.obj
 .debug_macro   0x0002dedd      0x28d CMakeFiles/Template_STM32_CMake_Project.dir/Src/main.c.obj
 .debug_macro   0x0002e16a      0x2d4 CMakeFiles/Template_STM32_CMake_Project.dir/Src/main.c.obj
 .debug_macro   0x0002e43e      0x1a0 CMakeFiles/Template_STM32_CMake_Project.dir/Src/main.c.obj
 .debug_macro   0x0002e5de      0xa80 CMakeFiles/Template_STM32_CMake_Project.dir/Src/main.c.obj
 .debug_macro   0x0002f05e      0x129 CMakeFiles/Template_STM32_CMake_Project.dir/Src/main.c.obj
 .debug_macro   0x0002f187      0x3f9 CMakeFiles/Template_STM32_CMake_Project.dir/Src/main.c.obj
 .debug_macro   0x0002f580      0x275 CMakeFiles/Template_STM32_CMake_Project.dir/Src/main.c.obj
 .debug_macro   0x0002f7f5     0x1178 CMakeFiles/Template_STM32_CMake_Project.dir/Src/main.c.obj
 .debug_macro   0x0003096d      0x7c8 CMakeFiles/Template_STM32_CMake_Project.dir/Src/main.c.obj
 .debug_macro   0x00031135      0x3bb CMakeFiles/Template_STM32_CMake_Project.dir/Src/main.c.obj
 .debug_macro   0x000314f0      0xe42 CMakeFiles/Template_STM32_CMake_Project.dir/Src/main.c.obj
 .debug_macro   0x00032332      0x313 CMakeFiles/Template_STM32_CMake_Project.dir/Src/main.c.obj
 .debug_macro   0x00032645      0x2ef CMakeFiles/Template_STM32_CMake_Project.dir/Src/main.c.obj
 .debug_macro   0x00032934      0x1f4 CMakeFiles/Template_STM32_CMake_Project.dir/Src/main.c.obj
 .debug_macro   0x00032b28       0xc7 CMakeFiles/Template_STM32_CMake_Project.dir/Src/main.c.obj
 .debug_macro   0x00032bef       0x4c CMakeFiles/Template_STM32_CMake_Project.dir/Src/main.c.obj
 .debug_macro   0x00032c3b      0x184 CMakeFiles/Template_STM32_CMake_Project.dir/Src/main.c.obj
 .debug_macro   0x00032dbf       0xd9 CMakeFiles/Template_STM32_CMake_Project.dir/Src/main.c.obj
 .debug_macro   0x00032e98      0x3ca CMakeFiles/Template_STM32_CMake_Project.dir/Src/main.c.obj
 .debug_macro   0x00033262      0x45c CMakeFiles/Template_STM32_CMake_Project.dir/Src/main.c.obj
 .debug_macro   0x000336be       0x3c CMakeFiles/Template_STM32_CMake_Project.dir/Src/main.c.obj
 .debug_macro   0x000336fa      0x1ae CMakeFiles/Template_STM32_CMake_Project.dir/Src/main.c.obj
 .debug_macro   0x000338a8       0x4a CMakeFiles/Template_STM32_CMake_Project.dir/Src/main.c.obj
 .debug_macro   0x000338f2      0x512 CMakeFiles/Template_STM32_CMake_Project.dir/Src/main.c.obj
 .debug_macro   0x00033e04       0x88 CMakeFiles/Template_STM32_CMake_Project.dir/Src/main.c.obj
 .debug_macro   0x00033e8c       0xe3 CMakeFiles/Template_STM32_CMake_Project.dir/Src/main.c.obj
 .debug_macro   0x00033f6f      0x22c CMakeFiles/Template_STM32_CMake_Project.dir/Src/main.c.obj
 .debug_macro   0x0003419b       0x67 CMakeFiles/Template_STM32_CMake_Project.dir/Src/main.c.obj
 .debug_macro   0x00034202       0xa5 CMakeFiles/Template_STM32_CMake_Project.dir/Src/main.c.obj
 .debug_macro   0x000342a7      0x25d CMakeFiles/Template_STM32_CMake_Project.dir/Src/main.c.obj
 .debug_macro   0x00034504       0x85 CMakeFiles/Template_STM32_CMake_Project.dir/Src/main.c.obj
 .debug_macro   0x00034589      0x2bf CMakeFiles/Template_STM32_CMake_Project.dir/Src/main.c.obj
 .debug_macro   0x00034848      0xa0c CMakeFiles/Template_STM32_CMake_Project.dir/Src/main.c.obj
 .debug_macro   0x00035254      0x296 CMakeFiles/Template_STM32_CMake_Project.dir/Src/main.c.obj
 .debug_macro   0x000354ea       0x12 CMakeFiles/Template_STM32_CMake_Project.dir/Src/main.c.obj
 .debug_macro   0x000354fc      0x28e CMakeFiles/Template_STM32_CMake_Project.dir/Src/main.c.obj
 .debug_macro   0x0003578a      0x198 CMakeFiles/Template_STM32_CMake_Project.dir/Src/main.c.obj
 .debug_macro   0x00035922       0xd6 CMakeFiles/Template_STM32_CMake_Project.dir/Src/main.c.obj
 .debug_macro   0x000359f8      0x11b CMakeFiles/Template_STM32_CMake_Project.dir/Src/main.c.obj
 .debug_macro   0x00035b13      0x520 CMakeFiles/Template_STM32_CMake_Project.dir/Src/main.c.obj
 .debug_macro   0x00036033      0x18a CMakeFiles/Template_STM32_CMake_Project.dir/Src/main.c.obj
 .debug_macro   0x000361bd      0x1c4 CMakeFiles/Template_STM32_CMake_Project.dir/Src/main.c.obj
 .debug_macro   0x00036381      0x22a CMakeFiles/Template_STM32_CMake_Project.dir/Src/main.c.obj
 .debug_macro   0x000365ab       0x35 CMakeFiles/Template_STM32_CMake_Project.dir/Src/main.c.obj
 .debug_macro   0x000365e0       0xf5 CMakeFiles/Template_STM32_CMake_Project.dir/Src/main.c.obj
 .debug_macro   0x000366d5       0xab CMakeFiles/Template_STM32_CMake_Project.dir/Src/main.c.obj
 .debug_macro   0x00036780       0x99 CMakeFiles/Template_STM32_CMake_Project.dir/Src/main.c.obj
 .debug_macro   0x00036819       0x19 CMakeFiles/Template_STM32_CMake_Project.dir/Src/main.c.obj
 .debug_macro   0x00036832      0x328 CMakeFiles/Template_STM32_CMake_Project.dir/Src/main.c.obj
 .debug_macro   0x00036b5a      0x5f2 CMakeFiles/Template_STM32_CMake_Project.dir/Src/main.c.obj
 .debug_macro   0x0003714c       0xeb CMakeFiles/Template_STM32_CMake_Project.dir/Src/main.c.obj
 .debug_macro   0x00037237      0x3ad CMakeFiles/Template_STM32_CMake_Project.dir/Src/main.c.obj
 .debug_macro   0x000375e4       0x10 CMakeFiles/Template_STM32_CMake_Project.dir/Src/main.c.obj
 .debug_macro   0x000375f4       0xe4 CMakeFiles/Template_STM32_CMake_Project.dir/Src/main.c.obj
 .debug_macro   0x000376d8       0x16 CMakeFiles/Template_STM32_CMake_Project.dir/Src/main.c.obj
 .debug_macro   0x000376ee      0x1ce CMakeFiles/Template_STM32_CMake_Project.dir/Src/main.c.obj
 .debug_macro   0x000378bc      0x19e CMakeFiles/Template_STM32_CMake_Project.dir/Src/main.c.obj
 .debug_macro   0x00037a5a       0x11 CMakeFiles/Template_STM32_CMake_Project.dir/Src/main.c.obj
 .debug_macro   0x00037a6b      0x5e4 CMakeFiles/Template_STM32_CMake_Project.dir/Src/main.c.obj
 .debug_macro   0x0003804f       0xc1 CMakeFiles/Template_STM32_CMake_Project.dir/Src/main.c.obj
 .debug_macro   0x00038110      0x1f4 CMakeFiles/Template_STM32_CMake_Project.dir/Src/main.c.obj
 .debug_macro   0x00038304      0x17d CMakeFiles/Template_STM32_CMake_Project.dir/Src/main.c.obj
 .debug_macro   0x00038481      0xb24 CMakeFiles/Template_STM32_CMake_Project.dir/Src/main.c.obj
 .debug_macro   0x00038fa5      0x29f CMakeFiles/Template_STM32_CMake_Project.dir/Src/main.c.obj
 .debug_macro   0x00039244      0x693 CMakeFiles/Template_STM32_CMake_Project.dir/Src/main.c.obj
 .debug_macro   0x000398d7       0xa6 CMakeFiles/Template_STM32_CMake_Project.dir/Src/main.c.obj
 .debug_macro   0x0003997d      0x359 CMakeFiles/Template_STM32_CMake_Project.dir/Src/main.c.obj
 .debug_macro   0x00039cd6       0xb9 CMakeFiles/Template_STM32_CMake_Project.dir/Src/main.c.obj
 .debug_macro   0x00039d8f      0x313 CMakeFiles/Template_STM32_CMake_Project.dir/Src/main.c.obj
 .debug_macro   0x0003a0a2       0x30 CMakeFiles/Template_STM32_CMake_Project.dir/Src/main.c.obj
 .debug_macro   0x0003a0d2      0x31a CMakeFiles/Template_STM32_CMake_Project.dir/Src/main.c.obj
 .debug_macro   0x0003a3ec      0x20b CMakeFiles/Template_STM32_CMake_Project.dir/Src/main.c.obj
 .debug_macro   0x0003a5f7      0x34e CMakeFiles/Template_STM32_CMake_Project.dir/Src/main.c.obj
 .debug_macro   0x0003a945       0x4c CMakeFiles/Template_STM32_CMake_Project.dir/Src/main.c.obj
 .debug_macro   0x0003a991       0xa9 CMakeFiles/Template_STM32_CMake_Project.dir/Src/main.c.obj
 .debug_macro   0x0003aa3a      0x293 CMakeFiles/Template_STM32_CMake_Project.dir/Src/main.c.obj
 .debug_macro   0x0003accd       0x90 CMakeFiles/Template_STM32_CMake_Project.dir/Src/main.c.obj
 .debug_macro   0x0003ad5d       0x9e CMakeFiles/Template_STM32_CMake_Project.dir/Src/main.c.obj
 .debug_macro   0x0003adfb      0x5f2 CMakeFiles/Template_STM32_CMake_Project.dir/Src/main.c.obj

.debug_line     0x00000000     0x1000
 .debug_line    0x00000000      0xf85 CMakeFiles/Template_STM32_CMake_Project.dir/Src/main.c.obj
 .debug_line    0x00000f85       0x7b CMakeFiles/Template_STM32_CMake_Project.dir/Startup/startup_stm32h723zgtx.s.obj

.debug_str      0x00000000   0x1adf5b
 .debug_str     0x00000000   0x1adee0 CMakeFiles/Template_STM32_CMake_Project.dir/Src/main.c.obj
                             0x1ae56d (size before relaxing)
 .debug_str     0x001adee0       0x7b CMakeFiles/Template_STM32_CMake_Project.dir/Startup/startup_stm32h723zgtx.s.obj
                                 0xc6 (size before relaxing)

.comment        0x00000000       0x43
 .comment       0x00000000       0x43 CMakeFiles/Template_STM32_CMake_Project.dir/Src/main.c.obj
                                 0x44 (size before relaxing)

.debug_line_str
                0x00000000       0xaa
 .debug_line_str
                0x00000000       0xaa CMakeFiles/Template_STM32_CMake_Project.dir/Startup/startup_stm32h723zgtx.s.obj
